// Jest Snapshot v1, https://goo.gl/fbAQLP

exports[`list show item matches snapshot 1`] = `
<div>
  <div
    class="loading"
  >
    <div
      class="loader"
    />
  </div>
</div>
`;
